Set parameter TimeLimit to value 3600
Set parameter Threads to value 1
Gurobi Optimizer version 10.0.2 build v10.0.2rc0 (linux64)

CPU model: 11th Gen Intel(R) Core(TM) i5-1135G7 @ 2.40GHz, instruction set [SSE2|AVX|AVX2|AVX512]
Thread count: 4 physical cores, 8 logical processors, using up to 1 threads

Optimize a model with 14 rows, 13 columns and 33 nonzeros
Model fingerprint: 0x34d4e8fb
Variable types: 0 continuous, 13 integer (13 binary)
Coefficient statistics:
  Matrix range     [1e+00, 1e+00]
  Objective range  [1e+00, 1e+00]
  Bounds range     [1e+00, 1e+00]
  RHS range        [1e+00, 1e+00]
Presolve time: 0.00s

Explored 0 nodes (0 simplex iterations) in 0.00 seconds (0.00 work units)
Thread count was 1 (of 8 available processors)

Solution count 0

Model is infeasible
Best objective -, best bound -, gap -
Encountered an attribute error
### ESTATISTICAS
runtime: 0.00019812583923339844
