Set parameter TimeLimit to value 3600
Set parameter Threads to value 1
Gurobi Optimizer version 10.0.2 build v10.0.2rc0 (linux64)

CPU model: 11th Gen Intel(R) Core(TM) i5-1135G7 @ 2.40GHz, instruction set [SSE2|AVX|AVX2|AVX512]
Thread count: 4 physical cores, 8 logical processors, using up to 1 threads

Optimize a model with 23 rows, 34 columns and 66 nonzeros
Model fingerprint: 0x5f1aa23e
Variable types: 0 continuous, 34 integer (34 binary)
Coefficient statistics:
  Matrix range     [1e+00, 1e+00]
  Objective range  [1e+00, 1e+00]
  Bounds range     [1e+00, 1e+00]
  RHS range        [1e+00, 1e+00]
Found heuristic solution: objective 7.0000000
Presolve removed 23 rows and 34 columns
Presolve time: 0.00s
Presolve: All rows and columns removed

Explored 0 nodes (0 simplex iterations) in 0.00 seconds (0.00 work units)
Thread count was 1 (of 8 available processors)

Solution count 2: 5 7 

Optimal solution found (tolerance 1.00e-04)
Best objective 5.000000000000e+00, best bound 5.000000000000e+00, gap 0.0000%
Block ((5, 2), (0,)) at 0
Block ((3, 4), (0,)) at 3
Block ((5, 4), (0,)) at 5
### ESTATISTICAS
runtime: 0.0008709430694580078
