Set parameter Username
Set parameter LicenseID to value 2788049
Academic license - for non-commercial use only - expires 2027-03-05
Set parameter TimeLimit to value 3600
Set parameter Threads to value 1
Gurobi Optimizer version 10.0.2 build v10.0.2rc0 (linux64)

CPU model: 11th Gen Intel(R) Core(TM) i5-1135G7 @ 2.40GHz, instruction set [SSE2|AVX|AVX2|AVX512]
Thread count: 4 physical cores, 8 logical processors, using up to 1 threads

Optimize a model with 22 rows, 35 columns and 79 nonzeros
Model fingerprint: 0xf61fdd63
Variable types: 0 continuous, 35 integer (35 binary)
Coefficient statistics:
  Matrix range     [1e+00, 1e+00]
  Objective range  [1e+00, 1e+00]
  Bounds range     [1e+00, 1e+00]
  RHS range        [1e+00, 1e+00]
Found heuristic solution: objective 5.0000000
Presolve removed 17 rows and 26 columns
Presolve time: 0.00s
Presolved: 5 rows, 9 columns, 21 nonzeros
Variable types: 0 continuous, 9 integer (9 binary)

Root relaxation: cutoff, 2 iterations, 0.00 seconds (0.00 work units)

    Nodes    |    Current Node    |     Objective Bounds      |     Work
 Expl Unexpl |  Obj  Depth IntInf | Incumbent    BestBd   Gap | It/Node Time

     0     0     cutoff    0         5.00000    5.00000  0.00%     -    0s

Explored 1 nodes (2 simplex iterations) in 0.00 seconds (0.00 work units)
Thread count was 1 (of 8 available processors)

Solution count 1: 5 

Optimal solution found (tolerance 1.00e-04)
Best objective 5.000000000000e+00, best bound 5.000000000000e+00, gap 0.0000%
Block ((1,), ()) at 0
Block ((2, 1, 3), (0, 0)) at 1
Block ((4, 2), (0,)) at 4
### ESTATISTICAS
runtime: 0.001867055892944336
